    Checking mosdns-sequence-core v0.1.0 (/dev/shm/mosdns-rust-client-ecs-20261002/src/rust/sequence-core)
    Checking unicode-normalization v0.1.25
    Checking tokio-util v0.7.19
    Checking unicode-bidi v0.3.18
    Checking scopeguard v1.2.0
    Checking lock_api v0.4.14
    Checking idna_adapter v1.1.0
    Checking rand v0.10.2
    Checking zerocopy v0.8.48
    Checking parking_lot_core v0.9.12
    Checking http-body v1.1.0
    Checking rand_pcg v0.10.2
    Checking utf8_iter v1.0.4
    Checking powerfmt v0.2.0
    Checking atomic-waker v1.1.2
    Checking fnv v1.0.7
    Checking percent-encoding v2.3.2
    Checking try-lock v0.2.5
    Checking lru-slab v0.1.3
    Checking rustc-hash v2.1.3
    Checking quinn-proto v0.11.18
    Checking want v0.3.1
    Checking form_urlencoded v1.2.2
    Checking h2 v0.4.19
    Checking deranged v0.5.8
    Checking idna v1.1.0
    Checking ppv-lite86 v0.2.21
    Checking quinn-udp v0.5.15
    Checking serde_core v1.0.229
    Checking httparse v1.10.1
    Checking futures-executor v0.3.34
    Checking aho-corasick v1.1.5
    Checking socket2 v0.5.10
    Checking fastrand v2.5.0
    Checking rand_core v0.9.5
    Checking regex-syntax v0.8.11
    Checking time-core v0.1.7
    Checking num-conv v0.1.0
    Checking time v0.3.45
    Checking regex-automata v0.4.18
    Checking rand_chacha v0.9.0
    Checking h3 v0.0.8
    Checking quinn v0.11.7
    Checking futures v0.3.34
    Checking hyper v1.11.0
    Checking url v2.5.8
    Checking crossbeam-epoch v0.9.20
    Checking parking_lot v0.12.5
    Checking crossbeam-channel v0.5.16
    Checking uuid v1.24.0
    Checking hashbrown v0.14.5
    Checking adler2 v2.0.1
    Checking tagptr v0.2.0
    Checking simd-adler32 v0.3.9
    Checking miniz_oxide v0.8.9
    Checking moka v0.12.12
    Checking dashmap v6.1.0
    Checking serde v1.0.229
    Checking hyper-util v0.1.20
    Checking h3-quinn v0.0.10
    Checking rand v0.9.4
    Checking regex v1.11.1
    Checking zmij v1.0.19
    Checking crc32fast v1.5.0
    Checking http-body-util v0.1.3
    Checking tokio-rustls v0.26.4
    Checking data-encoding v2.11.1
    Checking ryu v1.0.23
    Checking openssl-probe v0.2.1
    Checking base64 v0.22.1
    Checking libyaml-rs v0.3.0
    Checking ipnet v2.12.0
    Checking hickory-proto v0.25.2
    Checking yaml_serde v0.10.7
    Checking mosdns-upstream-core v0.1.0 (/dev/shm/mosdns-rust-client-ecs-20261002/src/rust/upstream-core)
    Checking rustls-native-certs v0.8.4
    Checking flate2 v1.1.9
    Checking serde_json v1.0.149
    Checking mosdns-matcher-core v0.1.0 (/dev/shm/mosdns-rust-client-ecs-20261002/src/rust/matcher-core)
    Checking mosdns-cache-core v0.1.0 (/dev/shm/mosdns-rust-client-ecs-20261002/src/rust/cache-core)
    Checking yasna v0.5.2
    Checking rcgen v0.14.7
    Checking mosdns-native-host v0.1.0 (/dev/shm/mosdns-rust-client-ecs-20261002/src/rust/native-host)
error: unnecessary hashes around raw string literal
  --> native-host/tests/client_context.rs:14:9
   |
14 | /         r#"
15 | | log: {{level: error}}
16 | | plugins:
17 | |   - tag: unused
...  |
33 | |     args: {{entry: main, listen: '127.0.0.1:19901', enable_audit: {audit}}}
34 | | "#
   | |__^
   |
   = help: for further information visit https://rust-lang.github.io/rust-clippy/rust-1.95.0/index.html#needless_raw_string_hashes
   = note: `-D clippy::needless-raw-string-hashes` implied by `-D clippy::pedantic`
   = help: to override `-D clippy::pedantic` add `#[allow(clippy::needless_raw_string_hashes)]`
help: remove all the hashes around the string literal
   |
14 ~         r"
15 | log: {{level: error}}
...
33 |     args: {{entry: main, listen: '127.0.0.1:19901', enable_audit: {audit}}}
34 ~ "
   |

error: unnecessary hashes around raw string literal
   --> native-host/tests/client_context.rs:165:16
    |
165 |       let yaml = r#"
    |  ________________^
166 | | log: {level: error}
167 | | plugins:
168 | |   - tag: unused
...   |
182 | |     args: {entry: main, listen: '127.0.0.1:19901', enable_audit: false}
183 | | "#;
    | |__^
    |
    = help: for further information visit https://rust-lang.github.io/rust-clippy/rust-1.95.0/index.html#needless_raw_string_hashes
help: remove all the hashes around the string literal
    |
165 ~     let yaml = r"
166 | log: {level: error}
...
182 |     args: {entry: main, listen: '127.0.0.1:19901', enable_audit: false}
183 ~ ";
    |

error: casting `usize` to `u16` may truncate the value
  --> native-host/tests/client_context.rs:75:21
   |
75 |         .write_all(&(wire.len() as u16).to_be_bytes())
   |                     ^^^^^^^^^^^^^^^^^^^
   |
   = help: if this is intentional allow the lint with `#[allow(clippy::cast_possible_truncation)]` ...
   = help: for further information visit https://rust-lang.github.io/rust-clippy/rust-1.95.0/index.html#cast_possible_truncation
   = note: `-D clippy::cast-possible-truncation` implied by `-D clippy::pedantic`
   = help: to override `-D clippy::pedantic` add `#[allow(clippy::cast_possible_truncation)]`
help: ... or use `try_from` and handle the error accordingly
   |
75 -         .write_all(&(wire.len() as u16).to_be_bytes())
75 +         .write_all(&u16::try_from(wire.len()).to_be_bytes())
   |

error: could not compile `mosdns-native-host` (test "client_context") due to 3 previous errors
