    Checking libc v0.2.189
    Checking cfg-if v1.0.4
    Checking pin-project-lite v0.2.17
    Checking portable-atomic v1.15.0
    Checking memchr v2.8.3
    Checking critical-section v1.2.0
    Checking once_cell v1.21.4
    Checking bytes v1.12.1
    Checking itoa v1.0.18
    Checking futures-core v0.3.34
    Checking slab v0.4.12
    Checking futures-io v0.3.34
    Checking futures-sink v0.3.34
    Checking futures-channel v0.3.34
    Checking socket2 v0.6.5
    Checking errno v0.3.14
    Checking rand_core v0.10.1
    Checking futures-task v0.3.34
    Checking smallvec v1.15.2
    Checking futures-util v0.3.34
    Checking signal-hook-registry v1.4.8
    Checking tracing-core v0.1.36
    Checking mio v1.2.2
    Checking zeroize v1.9.0
    Checking rustls-pki-types v1.15.1
    Checking tokio v1.53.1
    Checking tracing v0.1.44
    Checking getrandom v0.2.17
    Checking tinyvec v1.13.3
    Checking untrusted v0.9.0
    Checking ring v0.17.14
    Checking getrandom v0.4.3
    Checking http v1.5.0
    Checking equivalent v1.0.2
    Checking mosdns-dns-core v0.1.0 (/dev/shm/mosdns-rust-client-ecs-20261002/src/rust/dns-core)
    Checking unicode-joining-type v1.0.0
    Checking rustls-webpki v0.103.15
    Checking subtle v2.6.1
    Checking hashbrown v0.17.1
    Checking cpufeatures v0.3.1
    Checking chacha20 v0.10.2
    Checking indexmap v2.14.2
    Checking rustls v0.23.45
    Checking thiserror v2.0.20
    Checking idna_mapping v1.1.0
    Checking crossbeam-utils v0.8.22
    Checking mosdns-sequence-core v0.1.0 (/dev/shm/mosdns-rust-client-ecs-20261002/src/rust/sequence-core)
error: wildcard matches only a single variant and will also match any future added variants
   --> sequence-core/src/state.rs:143:13
    |
143 |             _ => peer,
    |             ^ help: try: `std::net::IpAddr::V4(_)`
    |
    = help: for further information visit https://rust-lang.github.io/rust-clippy/rust-1.95.0/index.html#match_wildcard_for_single_variants
    = note: `-D clippy::match-wildcard-for-single-variants` implied by `-D clippy::pedantic`
    = help: to override `-D clippy::pedantic` add `#[allow(clippy::match_wildcard_for_single_variants)]`

error: could not compile `mosdns-sequence-core` (lib) due to 1 previous error
