   Compiling mosdns-native-host v0.1.0 (/dev/shm/mosdns-rust-client-ecs-20261002/src/rust/native-host)
error[E0599]: no function or associated item named `default` found for struct `ExecutionControl` in the current scope
   --> native-host/tests/client_context.rs:188:51
    |
188 |             .new_machine(state, ExecutionControl::default())
    |                                                   ^^^^^^^ function or associated item not found in `ExecutionControl`
    |
note: if you're trying to build a new `ExecutionControl` consider using one of the following associated functions:
      ExecutionControl::with_fuel
      ExecutionControl::with_cancellation_token
      ExecutionControl::with_shared_budget
   --> sequence-core/src/engine.rs:124:5
    |
124 |       pub fn with_fuel(remaining_fuel: u64) -> Self {
    |       ^^^^^^^^^^^^^^^^^^^^^^^^^^^^^^^^^^^^^^^^^^^^^
...
134 | /     pub fn with_cancellation_token(
135 | |         remaining_fuel: u64,
136 | |         cancellation_token: CancellationToken,
137 | |     ) -> Self {
    | |_____________^
...
150 | /     pub fn with_shared_budget(
151 | |         shared_budget: RootFuelHandle,
152 | |         cancellation_token: CancellationToken,
153 | |     ) -> Self {
    | |_____________^

For more information about this error, try `rustc --explain E0599`.
error: could not compile `mosdns-native-host` (test "client_context") due to 1 previous error
