   Compiling libc v0.2.189
   Compiling proc-macro2 v1.0.107
   Compiling unicode-ident v1.0.24
   Compiling quote v1.0.47
   Compiling syn v3.0.5
   Compiling cfg-if v1.0.4
   Compiling portable-atomic v1.15.0
   Compiling pin-project-lite v0.2.17
   Compiling critical-section v1.2.0
   Compiling memchr v2.8.3
   Compiling once_cell v1.21.4
   Compiling bytes v1.12.1
   Compiling itoa v1.0.18
   Compiling shlex v2.0.1
   Compiling futures-core v0.3.34
   Compiling find-msvc-tools v0.1.12
   Compiling slab v0.4.12
   Compiling cc v1.4.6
   Compiling futures-io v0.3.34
   Compiling futures-sink v0.3.34
   Compiling futures-channel v0.3.34
   Compiling ring v0.17.14
   Compiling futures-macro v0.3.34
   Compiling socket2 v0.6.5
   Compiling errno v0.3.14
   Compiling futures-task v0.3.34
   Compiling smallvec v1.15.2
   Compiling rand_core v0.10.1
   Compiling futures-util v0.3.34
   Compiling signal-hook-registry v1.4.8
   Compiling tracing-core v0.1.36
   Compiling tokio-macros v2.7.2
   Compiling mio v1.2.2
   Compiling zeroize v1.9.0
   Compiling getrandom v0.4.3
   Compiling rustls-pki-types v1.15.1
   Compiling tokio v1.53.1
   Compiling tracing v0.1.44
   Compiling getrandom v0.2.17
   Compiling tinyvec v1.13.3
   Compiling untrusted v0.9.0
   Compiling http v1.5.0
   Compiling cfg_aliases v0.2.2
   Compiling unicode-joining-type v1.0.0
   Compiling equivalent v1.0.2
   Compiling rustls v0.23.45
   Compiling crossbeam-utils v0.8.22
   Compiling thiserror v2.0.20
   Compiling rustls-webpki v0.103.15
   Compiling thiserror-impl v2.0.20
   Compiling zerocopy v0.8.48
   Compiling hashbrown v0.17.1
   Compiling parking_lot_core v0.9.12
   Compiling subtle v2.6.1
   Compiling cpufeatures v0.3.1
   Compiling chacha20 v0.10.2
   Compiling indexmap v2.14.2
   Compiling idna_mapping v1.1.0
   Compiling quinn-udp v0.5.15
   Compiling unicode-normalization v0.1.25
   Compiling tokio-util v0.7.19
   Compiling serde_core v1.0.229
   Compiling unicode-bidi v0.3.18
   Compiling httparse v1.10.1
   Compiling scopeguard v1.2.0
   Compiling lock_api v0.4.14
   Compiling idna_adapter v1.1.0
   Compiling rand v0.10.2
   Compiling quinn v0.11.7
   Compiling http-body v1.1.0
   Compiling rand_pcg v0.10.2
   Compiling crossbeam-epoch v0.9.20
   Compiling utf8_iter v1.0.4
   Compiling atomic-waker v1.1.2
   Compiling powerfmt v0.2.0
   Compiling try-lock v0.2.5
   Compiling rustc-hash v2.1.3
   Compiling lru-slab v0.1.3
   Compiling fnv v1.0.7
   Compiling percent-encoding v2.3.2
   Compiling form_urlencoded v1.2.2
   Compiling h2 v0.4.19
   Compiling quinn-proto v0.11.18
   Compiling want v0.3.1
   Compiling deranged v0.5.8
   Compiling idna v1.1.0
   Compiling ppv-lite86 v0.2.21
   Compiling futures-executor v0.3.34
   Compiling aho-corasick v1.1.5
   Compiling syn v2.0.119
   Compiling socket2 v0.5.10
   Compiling rand_core v0.9.5
   Compiling regex-syntax v0.8.11
   Compiling zmij v1.0.19
   Compiling crc32fast v1.5.0
   Compiling num-conv v0.1.0
   Compiling fastrand v2.5.0
   Compiling time-core v0.1.7
   Compiling serde v1.0.229
   Compiling time v0.3.45
   Compiling h3 v0.0.8
   Compiling regex-automata v0.4.18
   Compiling rand_chacha v0.9.0
   Compiling futures v0.3.34
   Compiling hyper v1.11.0
   Compiling url v2.5.8
   Compiling parking_lot v0.12.5
   Compiling crossbeam-channel v0.5.16
   Compiling uuid v1.24.0
   Compiling serde_derive v1.0.229
   Compiling heck v0.5.0
   Compiling mosdns-dns-core v0.1.0 (/dev/shm/mosdns-rust-client-ecs-20261002/src/rust/dns-core)
   Compiling simd-adler32 v0.3.9
   Compiling adler2 v2.0.1
   Compiling hashbrown v0.14.5
   Compiling serde_json v1.0.149
   Compiling tagptr v0.2.0
   Compiling moka v0.12.12
   Compiling dashmap v6.1.0
   Compiling miniz_oxide v0.8.9
   Compiling enum-as-inner v0.6.1
   Compiling hyper-util v0.1.20
   Compiling h3-quinn v0.0.10
   Compiling rand v0.9.4
   Compiling regex v1.11.1
   Compiling async-trait v0.1.89
   Compiling http-body-util v0.1.3
   Compiling tokio-rustls v0.26.4
   Compiling ryu v1.0.23
   Compiling base64 v0.22.1
   Compiling ipnet v2.12.0
   Compiling data-encoding v2.11.1
   Compiling libyaml-rs v0.3.0
   Compiling openssl-probe v0.2.1
   Compiling rustls-native-certs v0.8.4
   Compiling yaml_serde v0.10.7
   Compiling hickory-proto v0.25.2
   Compiling mosdns-upstream-core v0.1.0 (/dev/shm/mosdns-rust-client-ecs-20261002/src/rust/upstream-core)
   Compiling flate2 v1.1.9
   Compiling mosdns-matcher-core v0.1.0 (/dev/shm/mosdns-rust-client-ecs-20261002/src/rust/matcher-core)
   Compiling mosdns-cache-core v0.1.0 (/dev/shm/mosdns-rust-client-ecs-20261002/src/rust/cache-core)
   Compiling mosdns-sequence-core v0.1.0 (/dev/shm/mosdns-rust-client-ecs-20261002/src/rust/sequence-core)
   Compiling mosdns-native-host v0.1.0 (/dev/shm/mosdns-rust-client-ecs-20261002/src/rust/native-host)
   Compiling yasna v0.5.2
   Compiling rcgen v0.14.7
error[E0599]: no function or associated item named `new` found for struct `HostAssembly` in the current scope
   --> native-host/tests/client_context.rs:27:19
    |
 27 |     HostAssembly::new(compile_yaml(&yaml).expect("client_ip config")).unwrap()
    |                   ^^^ function or associated item not found in `HostAssembly`
    |
note: if you're trying to build a new `HostAssembly` consider using one of the following associated functions:
      HostAssembly::from_yaml
      HostAssembly::from_config_file
      HostAssembly::from_config
      HostAssembly::with_options
      HostAssembly::with_options_and_state_root
   --> native-host/src/assembly.rs:164:5
    |
164 |       pub fn from_yaml(yaml: &str) -> Result<Self, AssemblyError> {
    |       ^^^^^^^^^^^^^^^^^^^^^^^^^^^^^^^^^^^^^^^^^^^^^^^^^^^^^^^^^^^
...
171 |       pub fn from_config_file(path: &std::path::Path) -> Result<Self, AssemblyError> {
    |       ^^^^^^^^^^^^^^^^^^^^^^^^^^^^^^^^^^^^^^^^^^^^^^^^^^^^^^^^^^^^^^^^^^^^^^^^^^^^^^
...
178 |       pub fn from_config(config: CompiledConfig) -> Result<Self, AssemblyError> {
    |       ^^^^^^^^^^^^^^^^^^^^^^^^^^^^^^^^^^^^^^^^^^^^^^^^^^^^^^^^^^^^^^^^^^^^^^^^^
...
184 | /     pub fn with_options(
185 | |         config: CompiledConfig,
186 | |         options: HostOptions,
187 | |     ) -> Result<Self, AssemblyError> {
    | |____________________________________^
...
194 | /     pub fn with_options_and_state_root(
195 | |         config: CompiledConfig,
196 | |         options: HostOptions,
197 | |         state_root: impl AsRef<Path>,
198 | |     ) -> Result<Self, AssemblyError> {
    | |____________________________________^

For more information about this error, try `rustc --explain E0599`.
error: could not compile `mosdns-native-host` (test "client_context") due to 1 previous error
