   Compiling mosdns-native-host v0.1.0 (/dev/shm/mosdns-rust-client-ecs-20261002/src/rust/native-host)
error: couldn't read `native-host/tests/../../../tests/phase5a-baseline/configs/forward-udp.yaml`: No such file or directory (os error 2)
 --> native-host/tests/slice2_config.rs:7:19
  |
7 | const UDP: &str = include_str!("../../../tests/phase5a-baseline/configs/forward-udp.yaml");
  |                   ^^^^^^^^^^^^^^^^^^^^^^^^^^^^^^^^^^^^^^^^^^^^^^^^^^^^^^^^^^^^^^^^^^^^^^^^

error: couldn't read `native-host/tests/../../../tests/phase5a-baseline/configs/forward-tcp.yaml`: No such file or directory (os error 2)
 --> native-host/tests/slice2_config.rs:8:19
  |
8 | const TCP: &str = include_str!("../../../tests/phase5a-baseline/configs/forward-tcp.yaml");
  |                   ^^^^^^^^^^^^^^^^^^^^^^^^^^^^^^^^^^^^^^^^^^^^^^^^^^^^^^^^^^^^^^^^^^^^^^^^

error: couldn't read `native-host/tests/../../../tests/phase5a-baseline/configs/cache.yaml`: No such file or directory (os error 2)
 --> native-host/tests/slice2_config.rs:9:21
  |
9 | const CACHE: &str = include_str!("../../../tests/phase5a-baseline/configs/cache.yaml");
  |                     ^^^^^^^^^^^^^^^^^^^^^^^^^^^^^^^^^^^^^^^^^^^^^^^^^^^^^^^^^^^^^^^^^^

error: couldn't read `native-host/tests/../../../tests/phase5a-baseline/configs/routing.yaml`: No such file or directory (os error 2)
  --> native-host/tests/slice2_config.rs:10:23
   |
10 | const ROUTING: &str = include_str!("../../../tests/phase5a-baseline/configs/routing.yaml");
   |                       ^^^^^^^^^^^^^^^^^^^^^^^^^^^^^^^^^^^^^^^^^^^^^^^^^^^^^^^^^^^^^^^^^^^^

error: could not compile `mosdns-native-host` (test "slice2_config") due to 4 previous errors
