   Compiling mosdns-native-host v0.1.0 (/dev/shm/mosdns-rust-client-ecs-20261002/src/rust/native-host)
    Finished `test` profile [unoptimized] target(s) in 1.08s
     Running tests/ecs_wire.rs (/dev/shm/mosdns-rust-client-ecs-20261002/target/debug/deps/ecs_wire-03f03905be112c1a)

running 7 tests
test generated_policy_cannot_echo_supplier_ecs ... ok
test current_policy_ecs_survives_later_handler ... ok
test handler_configuration_validation ... ok
test handler_preserves_other_opt_flags_and_empty_legacy_and_non_in ... ok
test named_handler_selection_and_masked_wire ... ok
test only_legal_matching_supplier_ecs_can_echo ... FAILED
test malformed_incoming_ecs_fails_locally_without_forwarding ... ok

failures:

---- only_legal_matching_supplier_ecs_can_echo stdout ----

thread 'only_legal_matching_supplier_ecs_can_echo' (1147280) panicked at native-host/tests/ecs_wire.rs:342:9:
assertion failed: opt.options().get(EdnsCode::Unknown(10)).is_some()
note: run with `RUST_BACKTRACE=1` environment variable to display a backtrace


failures:
    only_legal_matching_supplier_ecs_can_echo

test result: FAILED. 6 passed; 1 failed; 0 ignored; 0 measured; 0 filtered out; finished in 12.11s

error: test failed, to rerun pass `-p mosdns-native-host --test ecs_wire`
