   Compiling mosdns-native-host v0.1.0 (/dev/shm/mosdns-rust-client-ecs-20261002/src/rust/native-host)
    Finished `test` profile [unoptimized] target(s) in 5.83s
     Running tests/ecs_cache.rs (/dev/shm/mosdns-rust-client-ecs-20261002/target/debug/deps/ecs_cache-992a5ce1d985d9d3)

running 3 tests
test ecs_cache_is_explicitly_opt_in_and_rejects_unsafe_placement ... FAILED
test full_ecs_keys_partition_exact_network_family_and_mask ... FAILED
test placement_covers_control_flow_and_own_boundary ... FAILED

failures:

---- ecs_cache_is_explicitly_opt_in_and_rejects_unsafe_placement stdout ----

thread 'ecs_cache_is_explicitly_opt_in_and_rejects_unsafe_placement' (1151712) panicked at native-host/tests/ecs_cache.rs:9:5:
assertion failed: compile_yaml(&config(true,
                "      - exec: $ecs\n      - exec: $cache\n      - exec: $up",
                "")).is_ok()

---- full_ecs_keys_partition_exact_network_family_and_mask stdout ----

thread 'full_ecs_keys_partition_exact_network_family_and_mask' (1151713) panicked at native-host/tests/ecs_cache.rs:188:5:
assertion failed: key.ends_with(b"\x0e203.0.113.0/24/0")
note: run with `RUST_BACKTRACE=1` environment variable to display a backtrace

---- placement_covers_control_flow_and_own_boundary stdout ----

thread 'placement_covers_control_flow_and_own_boundary' (1151714) panicked at native-host/tests/ecs_cache.rs:59:17:
$ecs: $.plugins[5].args.enable_audit: required field is missing


failures:
    ecs_cache_is_explicitly_opt_in_and_rejects_unsafe_placement
    full_ecs_keys_partition_exact_network_family_and_mask
    placement_covers_control_flow_and_own_boundary

test result: FAILED. 0 passed; 3 failed; 0 ignored; 0 measured; 0 filtered out; finished in 0.00s

error: test failed, to rerun pass `-p mosdns-native-host --test ecs_cache`
