   Compiling mosdns-native-host v0.1.0 (/dev/shm/mosdns-rust-client-ecs-20261002/src/rust/native-host)
    Finished `test` profile [unoptimized] target(s) in 8.07s
     Running tests/ecs_cache.rs (/dev/shm/mosdns-rust-client-ecs-20261002/target/debug/deps/ecs_cache-992a5ce1d985d9d3)

running 5 tests
test full_ecs_keys_partition_exact_network_family_and_mask ... ok
test ecs_cache_is_explicitly_opt_in_and_rejects_unsafe_placement ... ok
test jump_inherited_continuation_is_checked_but_child_boundary_is_respected ... ok
test refresh_singleflight_uses_full_ecs_key ... ok
test placement_covers_control_flow_and_own_boundary ... ok

test result: ok. 5 passed; 0 failed; 0 ignored; 0 measured; 0 filtered out; finished in 0.02s

     Running tests/ecs_wire.rs (/dev/shm/mosdns-rust-client-ecs-20261002/target/debug/deps/ecs_wire-03f03905be112c1a)

running 15 tests
test cache_hit_reconstructs_client_opt_without_inventing_ecs ... ok
test current_policy_ecs_survives_later_handler ... ok
test ecs_scope_preserves_exit_and_local_terminal_completion ... ok
test enabled_cache_uses_current_policy_ecs_and_hit_has_no_echo_scope ... ok
test fallback_echo_uses_only_winning_supplier ... ok
test forwarded_ipv6_supplier_has_legal_echo ... ok
test generated_policy_cannot_echo_supplier_ecs ... ok
test handler_configuration_validation ... ok
test handler_preserves_other_opt_flags_and_empty_legacy_and_non_in ... ok
test ecs_scope_shutdown_cancels_without_fabricated_response ... ok
test named_handler_selection_and_masked_wire ... ok
test nested_redirect_and_handler_inherit_echo_permission ... ok
test only_legal_matching_supplier_ecs_can_echo ... ok
test preference_local_suppression_has_no_supplier_echo ... ok
test malformed_incoming_ecs_fails_locally_without_forwarding ... ok

test result: ok. 15 passed; 0 failed; 0 ignored; 0 measured; 0 filtered out; finished in 12.27s

     Running tests/slice1_cache.rs (/dev/shm/mosdns-rust-client-ecs-20261002/target/debug/deps/slice1_cache-34f729cca15c03ac)

running 8 tests
test basic_edns_queries_share_the_plain_key_and_allow_publication ... ok
test cache_key_separates_security_bits_type_class_and_non_in_queries ... ok
test compressed_response_question_is_eligible_after_decoding ... ok
test compressed_query_name_reuses_the_decoded_key ... ok
test native_adapter_ages_owned_hits_without_mutating_the_entry ... ok
test ordinary_authority_and_additional_ttls_set_the_minimum_retention ... ok
test malformed_tc_opt_and_mismatched_questions_never_publish ... ok
test retention_is_separate_from_answer_ttl_and_expires_at_exact_boundaries ... ok

test result: ok. 8 passed; 0 failed; 0 ignored; 0 measured; 0 filtered out; finished in 0.00s

