   Compiling mosdns-native-host v0.1.0 (/dev/shm/mosdns-rust-client-ecs-20261002/src/rust/native-host)
    Finished `test` profile [unoptimized] target(s) in 7.39s
     Running tests/ecs_cache.rs (/dev/shm/mosdns-rust-client-ecs-20261002/target/debug/deps/ecs_cache-992a5ce1d985d9d3)

running 5 tests
test full_ecs_keys_partition_exact_network_family_and_mask ... ok
test ecs_cache_is_explicitly_opt_in_and_rejects_unsafe_placement ... ok
test jump_inherited_continuation_is_checked_but_child_boundary_is_respected ... ok
test refresh_singleflight_uses_full_ecs_key ... ok
test placement_covers_control_flow_and_own_boundary ... ok

test result: ok. 5 passed; 0 failed; 0 ignored; 0 measured; 0 filtered out; finished in 0.01s

     Running tests/ecs_wire.rs (/dev/shm/mosdns-rust-client-ecs-20261002/target/debug/deps/ecs_wire-03f03905be112c1a)

running 15 tests
test current_policy_ecs_survives_later_handler ... ok
test cache_hit_reconstructs_client_opt_without_inventing_ecs ... ok
test ecs_scope_preserves_exit_and_local_terminal_completion ... ok
test enabled_cache_uses_current_policy_ecs_and_hit_has_no_echo_scope ... ok
test fallback_echo_uses_only_winning_supplier ... ok
test forwarded_ipv6_supplier_has_legal_echo ... ok
test generated_policy_cannot_echo_supplier_ecs ... ok
test handler_configuration_validation ... ok
test handler_preserves_other_opt_flags_and_empty_legacy_and_non_in ... ok
test ecs_scope_shutdown_cancels_without_fabricated_response ... ok
test named_handler_selection_and_masked_wire ... ok
test nested_redirect_and_handler_inherit_echo_permission ... ok
test only_legal_matching_supplier_ecs_can_echo ... ok
test preference_local_suppression_has_no_supplier_echo ... ok
test malformed_incoming_ecs_fails_locally_without_forwarding ... ok

test result: ok. 15 passed; 0 failed; 0 ignored; 0 measured; 0 filtered out; finished in 12.27s

     Running tests/slice2_config.rs (/dev/shm/mosdns-rust-client-ecs-20261002/target/debug/deps/slice2_config-d68c66c1dc772c69)

running 13 tests
test a_second_listener_with_a_mixed_audit_flag_is_rejected_before_assembly ... ok
test assembly_owns_one_upstream_and_no_listener_socket ... ok
test audit_enabled_is_accepted_for_every_supported_single_listener_graph ... ok
test effective_upstream_identities_must_be_unique_across_explicit_and_default_tags ... ok
test frozen_w2_cache_configuration_compiles_to_udp_graph ... ok
test frozen_w3_graph_compiles_to_three_owned_udp_routes_and_four_rules ... ok
test cache_parameters_and_composition_are_configurable_where_the_contract_allows_it ... ok
test invalid_configuration_is_rejected_before_pre_io_assembly ... ok
test unsupported_cache_configuration_is_rejected_before_io ... ok
test w1_graph_remains_accepted_and_cache_is_not_implicit ... ok
test w3_names_order_and_data_are_not_fixture_constants ... ok
test the_composed_grammar_accepts_the_bounded_w3_shapes_it_used_to_forbid ... ok
test w3_negative_grammar_and_graph_matrix_fails_closed ... ok

test result: ok. 13 passed; 0 failed; 0 ignored; 0 measured; 0 filtered out; finished in 0.02s

