   Compiling mosdns-native-host v0.1.0 (/dev/shm/mosdns-rust-client-ecs-20261002/src/rust/native-host)
error[E0308]: mismatched types
   --> native-host/tests/cache_http.rs:456:39
    |
456 |         compile_yaml_with_base(&yaml, std::env::temp_dir()).unwrap(),
    |         ----------------------        ^^^^^^^^^^^^^^^^^^^^ expected `&Path`, found `PathBuf`
    |         |
    |         arguments to this function are incorrect
    |
note: function defined here
   --> native-host/src/config.rs:564:8
    |
564 | pub fn compile_yaml_with_base(yaml: &str, base_dir: &Path) -> Result<CompiledConfig, ConfigError> {
    |        ^^^^^^^^^^^^^^^^^^^^^^
help: consider borrowing here
    |
456 |         compile_yaml_with_base(&yaml, &std::env::temp_dir()).unwrap(),
    |                                       +

For more information about this error, try `rustc --explain E0308`.
error: could not compile `mosdns-native-host` (test "cache_http") due to 1 previous error
