   Compiling mosdns-native-host v0.1.0 (/dev/shm/mosdns-rust-client-ecs-20261002/src/rust/native-host)
    Finished `test` profile [unoptimized] target(s) in 0.97s
     Running unittests src/lib.rs (/dev/shm/mosdns-rust-client-ecs-20261002/target/debug/deps/mosdns_native_host-29f85c786ae9292d)

running 97 tests
test api::tests::audit_query_decoding_is_form_strict_and_rank_limits_are_bounded ... ok
test api::tests::canonical_settings_win_before_legacy_and_clamp_saved_values ... ok
test api::tests::known_dns_types_keep_mnemonics_and_unknown_types_are_empty ... ok
test api::tests::null_or_missing_capacity_is_zero_and_failed_migration_keeps_source ... ok
test api::tests::windows_use_the_oldest_admission_time_not_terminal_order ... ok
test assembly::tests::audit_retention_defaults_to_the_frozen_hundred_thousand_record_limit ... ok
test assembly::tests::catalog_closes_all_distinct_forward_owners_and_rejects_duplicates ... ok
test assembly::tests::seeded_rotation_also_selects_the_single_leg_start ... ok
test assembly::tests::valid_graph_is_pre_io_and_invalid_graph_never_reaches_assembly ... ok
test cache::persistence_tests::all_entry_validation_precedes_merge_including_expired_and_ecs_keys ... ok
test cache::persistence_tests::ecs_suffix_validation_is_atomic_even_for_expired_last_entries ... ok
test cache::persistence_tests::post_commit_invariant_failure_stops_host_and_never_saves_old_memory ... ok
test api::tests::canceled_audit_read_releases_its_slot_only_after_worker_exit ... ok
test cache_dump::tests::complete_footer_name_framing_limits_and_trailing_members_are_validated ... ok
test cache_dump::tests::stream_owned_and_entry_limits_apply_before_any_merge ... ok
test cli::tests::accepts_both_config_spellings ... ok
test cli::tests::rejects_other_commands_and_extra_arguments ... ok
test config::tests::compiles_both_preference_quick_forms_and_rejects_arguments ... ok
test config::tests::compiles_fallback_defaults_and_preserves_explicit_zero ... ok
test config::tests::compiles_the_frozen_udp_and_tcp_shapes_without_rewriting_them ... ok
test config::tests::declaration_order_and_references_are_compiled_after_collection ... ok
test config::tests::fast_mark_and_flow_setter_support_quick_and_named_forms ... ok
test config::tests::independently_proves_the_remaining_fail_closed_categories ... ok
test config::tests::matcher_expressions_follow_the_documented_grammar_and_negation ... ok
test config::tests::native_plugin_compilation_rejects_bad_values_with_paths ... ok
test config::tests::rejects_duplicates_and_missing_required_roles ... ok
test config::tests::rejects_every_unsupported_shape_before_assembly ... ok
test config::tests::unsupported_or_malformed_matchers_are_rejected_at_load_time ... ok
test execution::tests::a_cancelled_query_never_publishes_a_partial_child_result ... ok
test execution::tests::a_child_cache_keeps_its_successor_result_when_the_parent_overwrites_the_response ... ok
test execution::tests::a_nested_cache_hit_short_circuits_the_inner_cache ... ok
test execution::tests::a_repeated_dynamic_cache_dispatch_builds_its_own_frame_and_answers_normally ... ok
test execution::tests::an_entry_cache_wraps_its_successor_and_caches_that_successor_result ... ok
test execution::tests::audit_disabled_execution_keeps_metric_facts_without_audit_details ... ok
test execution::tests::byte_identical_parent_response_replacement_drops_child_provenance ... ok
test execution::tests::cache_hit_skips_the_exact_forward_dispatch_and_miss_publishes_at_completion ... ok
test execution::tests::canonical_machine_resumes_two_external_legs_with_one_deadline ... ok
test execution::tests::dropped_flow_setter_execution_preserves_configured_metadata_precedence ... ok
test execution::tests::dropped_w2_execution_retains_cache_miss_and_interrupted_forward_attempt ... ok
test execution::tests::dropped_w3_execution_does_not_publish_intermediate_response_as_final ... ok
test execution::tests::effective_tag_normalization_keeps_special_and_memory_precedence ... ok
test execution::tests::execution_observation_reports_actual_w3_final_route_and_ordered_legs ... ok
test execution::tests::execution_observation_tracks_w1_w2_and_servfail_provenance ... ok
test execution::tests::failed_first_multi_forward_leg_stops_before_the_next_external ... ok
test execution::tests::failed_second_multi_forward_leg_does_not_republish_first_answer ... ok
test execution::tests::fallback_aggregation_preserves_root_terminal_error ... ok
test execution::tests::fallback_zero_starts_both_branches_and_reports_schema_two ... ok
test execution::tests::final_response_flags_read_ra_from_the_low_dns_header_byte ... ok
test execution::tests::interleaved_request_cancellation_does_not_cross_request_state ... ok
test execution::tests::malformed_address_rdata_is_terminal_for_multi_forward_w3 ... ok
test execution::tests::mismatched_question_is_terminal_and_never_reaches_the_next_external ... ok
test execution::tests::one_cache_dispatched_in_two_scopes_publishes_at_both_boundaries ... ok
test execution::tests::policy_root_terminals_are_not_recoverable_executor_errors ... ok
test execution::tests::prefer_ipv4_rewrites_reference_qtype_and_suppresses_original_answer ... ok
test execution::tests::publication_deadline_drops_the_pending_token_without_changing_w1_output ... ok
test execution::tests::redirect_error_cancel_and_shared_fuel_restore_without_decoration ... ok
test execution::tests::reverse_qname_and_parent_replacement_do_not_publish_stale_route_provenance ... ok
test execution::tests::terminal_trace_cleanup_clears_supplier_without_relabeling_history ... ok
test execution::tests::the_representative_chain_blocks_rejects_and_routes_without_a_listener ... ok
test execution::tests::two_calls_to_one_child_dispatch_the_shared_cache_again_after_a_hit ... ok
test execution::tests::two_nested_caches_each_store_their_own_successors_result ... ok
test execution::tests::unknown_executable_id_fails_closed_without_selecting_the_only_forward ... ok
test execution::tests::upstream_servfail_is_cacheable_but_local_servfail_is_not ... ok
test matchers::tests::expanded_response_ip_ignores_non_answer_addresses_and_cname_without_mutation ... ok
test matchers::tests::qname_is_exact_case_insensitive_and_requires_plain_wire_labels ... ok
test matchers::tests::response_ip_matches_only_a_raw_answer_without_mutating_state ... ok
test observer::tests::audit_admission_renders_escaped_question_in_exact_sized_buffer ... ok
test observer::tests::audit_ring_reserves_a_bounded_initial_capacity_only_when_enabled ... ok
test observer::tests::checkpoint_shared_ledger_survives_dropped_active_multi_leg ... ok
test observer::tests::clear_and_resize_linearize_against_the_retained_ring ... ok
test observer::tests::disabled_audit_keeps_basic_metrics_without_building_query_details ... ok
test observer::tests::dropped_send_preserves_completed_facts_from_boxed_observation ... ok
test observer::tests::duration_histogram_uses_inclusive_frozen_bounds_and_positive_infinity ... ok
test observer::tests::enabled_audit_retains_the_newest_records_and_counts_evictions ... ok
test observer::tests::failure_provenance_has_typed_upstream_and_local_cases ... ok
test observer::tests::native_request_ids_are_fixed_width_and_fail_closed_at_counter_exhaustion ... ok
test observer::tests::observer_is_send_and_sync_for_a_future_multicore_host ... ok
test observer::tests::runtime_capture_defaults_on_and_static_gate_cannot_be_overridden ... ok
test observer::tests::terminal_capture_uses_the_runtime_state_at_terminalization ... ok
test observer::tests::terminal_counters_partition_completion_and_keep_metric_dimensions_bounded ... ok
test observer::tests::unfinished_admission_is_finalized_once_using_its_cancellation_scope ... ok
test observer::tests::unfinished_execution_preserves_known_facts_and_marks_unresolved_facts ... ok
test observer::tests::upstream_attempt_list_keeps_one_attempt_inline_and_promotes_in_order ... ok
test observer::tests::zero_capacity_keeps_lifetime_metrics_without_retaining_records ... ok
test plugins::tests::fast_mark_matches_any_id_and_sets_bits_without_clearing_existing_flags ... ok
test plugins::tests::flow_setter_rejects_empty_quick_setup ... ok
test policy::wire_tests::malformed_ttl_response_is_not_partially_committed ... ok
test policy::wire_tests::no_op_hosts_preserves_existing_response_and_generation ... ok
test tcp::tests::tcp_connection_records_multiple_queries_and_excludes_partial_input ... ok
test tcp::tests::tcp_write_failure_and_pending_write_cancellation_are_distinct ... ok
test udp::tests::a_completed_sequence_without_response_maps_to_refused ... ok
test udp::tests::cancellation_wins_at_the_pre_send_commit_gate ... ok
test udp::tests::completed_tasks_are_reaped_and_failures_do_not_skip_remaining_tasks ... ok
test udp::tests::task_failure_still_closes_upstream_after_full_drain ... ok
test udp::tests::udp_listener_records_one_terminal_audit_for_the_actual_request ... ok
test udp::tests::udp_send_failure_and_pending_send_cancellation_are_distinct ... ok
test cache::persistence_tests::startup_periodic_shutdown_snapshot_and_all_owner_errors_are_observable ... ok

test result: ok. 97 passed; 0 failed; 0 ignored; 0 measured; 0 filtered out; finished in 1.04s

     Running unittests src/main.rs (/dev/shm/mosdns-rust-client-ecs-20261002/target/debug/deps/mosdns-bc9e048d7dfaa293)

running 0 tests

test result: ok. 0 passed; 0 failed; 0 ignored; 0 measured; 0 filtered out; finished in 0.00s

     Running tests/cache_catalog.rs (/dev/shm/mosdns-rust-client-ecs-20261002/target/debug/deps/cache_catalog-f3f6f97cf182b204)

running 14 tests
test a_fallback_cache_target_publishes_only_after_a_natural_successor_completion ... ok
test a_fallback_cache_target_never_publishes_a_successor_that_exited ... ok
test an_inline_cache_callsite_owns_a_private_instance_without_a_public_identity ... ok
test a_quick_cache_and_a_named_cache_coexist_and_stay_distinguishable ... ok
test detached_successor_owns_its_state_and_rebinds_exactly_one_64_fuel_root ... ok
test cache_hit_restores_the_successor_domain_set_in_the_final_query_audit ... ok
test distinct_names_do_not_share_a_cache_entry ... ok
test every_configured_named_cache_is_listed_in_configuration_order ... ok
test each_inline_cache_callsite_is_a_separate_instance ... ok
test lazy_refresh_outlives_the_client_merges_followers_and_leaves_audit_unchanged ... ok
test positive_lazy_retention_is_accepted_for_named_caches_only ... ok
test nested_named_caches_publish_independently_and_the_outer_hit_short_circuits ... ok
test the_same_cache_dispatched_twice_in_one_scope_answers_normally ... ok
test two_named_caches_compile_to_two_distinct_stores_with_stable_ids ... ok

test result: ok. 14 passed; 0 failed; 0 ignored; 0 measured; 0 filtered out; finished in 0.16s

     Running tests/cache_http.rs (/dev/shm/mosdns-rust-client-ecs-20261002/target/debug/deps/cache_http-d2b68bcf7418c7a6)

running 4 tests
test ecs_dump_http_rejects_invalid_last_entry_without_partial_merge ... FAILED
test inventory_tags_roundtrip_through_encoded_plugin_urls_and_prometheus_labels ... ok
test native_process_sigterm_drains_owners_and_reports_all_final_save_failures_with_exit_two ... ok
test named_inventory_metrics_management_and_restart_use_real_owners ... ok

failures:

---- ecs_dump_http_rejects_invalid_last_entry_without_partial_merge stdout ----

thread 'ecs_dump_http_rejects_invalid_last_entry_without_partial_merge' (1162630) panicked at native-host/tests/cache_http.rs:456:62:
called `Result::unwrap()` on an `Err` value: ConfigError { path: "$.plugins", reason: "at least one forward plugin is required" }
note: run with `RUST_BACKTRACE=1` environment variable to display a backtrace


failures:
    ecs_dump_http_rejects_invalid_last_entry_without_partial_merge

test result: FAILED. 3 passed; 1 failed; 0 ignored; 0 measured; 0 filtered out; finished in 0.05s

error: test failed, to rerun pass `-p mosdns-native-host --test cache_http`
