    Checking mosdns-runtime v0.1.0 (/dev/shm/mosdns-rust-client-ecs-20261002/src/rust/runtime)
    Checking mosdns-native-host v0.1.0 (/dev/shm/mosdns-rust-client-ecs-20261002/src/rust/native-host)
error: this argument is passed by value, but not consumed in the function body
  --> native-host/tests/ecs_refresh.rs:62:14
   |
62 |     primary: UdpSocket,
   |              ^^^^^^^^^
   |
   = help: for further information visit https://rust-lang.github.io/rust-clippy/rust-1.95.0/index.html#needless_pass_by_value
   = note: `-D clippy::needless-pass-by-value` implied by `-D clippy::pedantic`
   = help: to override `-D clippy::pedantic` add `#[allow(clippy::needless_pass_by_value)]`
help: consider taking a reference instead
   |
62 |     primary: &UdpSocket,
   |              +

error: this argument is passed by value, but not consumed in the function body
  --> native-host/tests/ecs_refresh.rs:63:21
   |
63 |     worker_started: Arc<AtomicUsize>,
   |                     ^^^^^^^^^^^^^^^^
   |
   = help: for further information visit https://rust-lang.github.io/rust-clippy/rust-1.95.0/index.html#needless_pass_by_value
help: consider taking a reference instead
   |
63 |     worker_started: &Arc<AtomicUsize>,
   |                     +

error: this argument is passed by value, but not consumed in the function body
  --> native-host/tests/ecs_refresh.rs:64:11
   |
64 |     gate: std::sync::mpsc::Receiver<()>,
   |           ^^^^^^^^^^^^^^^^^^^^^^^^^^^^^
   |
   = help: for further information visit https://rust-lang.github.io/rust-clippy/rust-1.95.0/index.html#needless_pass_by_value
help: consider taking a reference instead
   |
64 |     gate: &std::sync::mpsc::Receiver<()>,
   |           +

error: could not compile `mosdns-native-host` (test "ecs_refresh") due to 3 previous errors
