    Checking cfg-if v1.0.4
    Checking libc v0.2.189
    Checking bytes v1.12.1
    Checking once_cell v1.21.4
    Checking rand_core v0.10.1
    Checking smallvec v1.15.2
    Checking memchr v2.8.3
    Checking getrandom v0.4.3
    Checking equivalent v1.0.2
    Checking mosdns-dns-core v0.1.0 (/root/mosdns-rust-phase5a-native-query-observability-545ba29/candidate-m8/rust/dns-core)
    Checking pin-project-lite v0.2.17
    Checking futures-core v0.3.34
    Checking slab v0.4.12
    Checking socket2 v0.6.5
    Checking futures-sink v0.3.34
    Checking futures-io v0.3.34
    Checking futures-channel v0.3.34
    Checking mio v1.2.2
    Checking futures-task v0.3.34
    Checking itoa v1.0.18
    Checking tokio v1.53.1
    Checking futures-util v0.3.34
    Checking getrandom v0.2.17
    Checking tracing-core v0.1.36
    Checking zeroize v1.9.0
    Checking untrusted v0.9.0
    Checking ring v0.17.14
    Checking rustls-pki-types v1.15.1
    Checking tracing v0.1.44
    Checking http v1.5.0
    Checking tinyvec v1.13.3
    Checking rustls-webpki v0.103.15
    Checking hashbrown v0.17.1
    Checking cpufeatures v0.3.1
    Checking subtle v2.6.1
    Checking rustls v0.23.45
    Checking indexmap v2.14.2
    Checking chacha20 v0.10.2
    Checking unicode-joining-type v1.0.0
    Checking tokio-util v0.7.19
    Checking thiserror v2.0.20
    Checking idna_mapping v1.1.0
    Checking rand v0.10.2
    Checking unicode-normalization v0.1.25
    Checking http-body v1.1.0
    Checking rand_pcg v0.10.2
    Checking lru-slab v0.1.3
    Checking try-lock v0.2.5
    Checking unicode-bidi v0.3.18
    Checking atomic-waker v1.1.2
    Checking rustc-hash v2.1.3
    Checking fnv v1.0.7
    Checking h2 v0.4.19
    Checking idna_adapter v1.1.0
    Checking quinn-proto v0.11.18
    Checking want v0.3.1
    Checking quinn-udp v0.5.15
    Checking httparse v1.10.1
    Checking futures-executor v0.3.34
    Checking socket2 v0.5.10
    Checking utf8_iter v1.0.4
    Checking fastrand v2.5.0
    Checking percent-encoding v2.3.2
    Checking h3 v0.0.8
    Checking form_urlencoded v1.2.2
    Checking quinn v0.11.7
    Checking idna v1.1.0
    Checking futures v0.3.34
    Checking hyper v1.11.0
    Checking h3-quinn v0.0.10
    Checking url v2.5.8
    Checking http-body-util v0.1.3
    Checking tokio-rustls v0.26.4
    Checking hyper-util v0.1.20
    Checking base64 v0.22.1
    Checking powerfmt v0.2.0
    Checking deranged v0.5.8
    Checking mosdns-upstream-core v0.1.0 (/root/mosdns-rust-phase5a-native-query-observability-545ba29/candidate-m8/rust/upstream-core)
    Checking time-core v0.1.7
    Checking num-conv v0.1.0
    Checking time v0.3.45
    Checking crossbeam-utils v0.8.22
    Checking yasna v0.5.2
    Checking scopeguard v1.2.0
    Checking lock_api v0.4.14
    Checking rcgen v0.14.7
    Checking parking_lot_core v0.9.12
    Checking crossbeam-epoch v0.9.20
    Checking portable-atomic v1.15.0
    Checking parking_lot v0.12.5
    Checking crossbeam-channel v0.5.16
    Checking uuid v1.24.0
    Checking tagptr v0.2.0
    Checking hashbrown v0.14.5
    Checking moka v0.12.12
    Checking dashmap v6.1.0
    Checking aho-corasick v1.1.5
    Checking mosdns-cache-core v0.1.0 (/root/mosdns-rust-phase5a-native-query-observability-545ba29/candidate-m8/rust/cache-core)
    Checking regex-syntax v0.8.11
    Checking mosdns-sequence-core v0.1.0 (/root/mosdns-rust-phase5a-native-query-observability-545ba29/candidate-m8/rust/sequence-core)
    Checking serde_core v1.0.229
    Checking regex-automata v0.4.18
    Checking serde v1.0.229
    Checking libyaml-rs v0.3.0
    Checking regex v1.11.1
    Checking mosdns-matcher-core v0.1.0 (/root/mosdns-rust-phase5a-native-query-observability-545ba29/candidate-m8/rust/matcher-core)
    Checking ryu v1.0.23
    Checking yaml_serde v0.10.7
    Checking mosdns-runtime v0.1.0 (/root/mosdns-rust-phase5a-native-query-observability-545ba29/candidate-m8/rust/runtime)
    Checking mosdns-native-host v0.1.0 (/root/mosdns-rust-phase5a-native-query-observability-545ba29/candidate-m8/rust/native-host)
    Finished `dev` profile [unoptimized + debuginfo] target(s) in 24.40s
